mode: set
github.com/thesimpledev/skvs/cmd/client_lib/main.go:34.40,36.16 2 0
github.com/thesimpledev/skvs/cmd/client_lib/main.go:36.16,38.3 1 0
github.com/thesimpledev/skvs/cmd/client_lib/main.go:39.2,39.24 1 0
github.com/thesimpledev/skvs/cmd/client_lib/main.go:43.71,45.21 2 0
github.com/thesimpledev/skvs/cmd/client_lib/main.go:46.18,47.25 1 0
github.com/thesimpledev/skvs/cmd/client_lib/main.go:48.18,49.25 1 0
github.com/thesimpledev/skvs/cmd/client_lib/main.go:50.21,51.28 1 0
github.com/thesimpledev/skvs/cmd/client_lib/main.go:52.21,53.28 1 0
github.com/thesimpledev/skvs/cmd/client_lib/main.go:54.10,55.60 1 0
github.com/thesimpledev/skvs/cmd/client_lib/main.go:58.2,59.19 2 0
github.com/thesimpledev/skvs/cmd/client_lib/main.go:59.19,61.3 1 0
github.com/thesimpledev/skvs/cmd/client_lib/main.go:62.2,62.13 1 0
github.com/thesimpledev/skvs/cmd/client_lib/main.go:62.13,64.3 1 0
github.com/thesimpledev/skvs/cmd/client_lib/main.go:66.2,67.16 2 0
github.com/thesimpledev/skvs/cmd/client_lib/main.go:67.16,69.3 1 0
github.com/thesimpledev/skvs/cmd/client_lib/main.go:70.2,70.26 1 0
github.com/thesimpledev/skvs/cmd/client_lib/main.go:75.99,77.2 1 0
github.com/thesimpledev/skvs/cmd/client_lib/main.go:79.71,81.2 1 0
github.com/thesimpledev/skvs/cmd/client_lib/main.go:83.74,85.2 1 0
github.com/thesimpledev/skvs/cmd/client_lib/main.go:87.72,89.16 2 0
github.com/thesimpledev/skvs/cmd/client_lib/main.go:89.16,91.3 1 0
github.com/thesimpledev/skvs/cmd/client_lib/main.go:92.2,92.25 1 0
github.com/thesimpledev/skvs/cmd/client_cli/main.go:13.13,20.19 5 0
github.com/thesimpledev/skvs/cmd/client_cli/main.go:20.19,23.3 2 0
github.com/thesimpledev/skvs/cmd/client_cli/main.go:25.2,28.19 4 0
github.com/thesimpledev/skvs/cmd/client_cli/main.go:28.19,30.3 1 0
github.com/thesimpledev/skvs/cmd/client_cli/main.go:32.2,33.16 2 0
github.com/thesimpledev/skvs/cmd/client_cli/main.go:33.16,36.3 2 0
github.com/thesimpledev/skvs/cmd/client_cli/main.go:37.2,40.20 3 0
github.com/thesimpledev/skvs/cmd/client_cli/main.go:41.13,42.25 1 0
github.com/thesimpledev/skvs/cmd/client_cli/main.go:43.13,44.25 1 0
github.com/thesimpledev/skvs/cmd/client_cli/main.go:45.16,46.28 1 0
github.com/thesimpledev/skvs/cmd/client_cli/main.go:47.16,48.28 1 0
github.com/thesimpledev/skvs/cmd/client_cli/main.go:49.10,51.13 2 0
github.com/thesimpledev/skvs/cmd/client_cli/main.go:54.2,55.16 2 0
github.com/thesimpledev/skvs/cmd/client_cli/main.go:55.16,57.3 1 0
github.com/thesimpledev/skvs/cmd/client_cli/main.go:58.2,58.10 1 0
github.com/thesimpledev/skvs/cmd/client_cli/main.go:58.10,60.3 1 0
github.com/thesimpledev/skvs/cmd/client_cli/main.go:62.2,66.16 4 0
github.com/thesimpledev/skvs/cmd/client_cli/main.go:66.16,69.3 2 0
github.com/thesimpledev/skvs/cmd/client_cli/main.go:71.2,71.32 1 0
github.com/thesimpledev/skvs/internal/client/client.go:23.46,25.16 2 0
github.com/thesimpledev/skvs/internal/client/client.go:25.16,27.3 1 0
github.com/thesimpledev/skvs/internal/client/client.go:29.2,30.16 2 0
github.com/thesimpledev/skvs/internal/client/client.go:30.16,32.3 1 0
github.com/thesimpledev/skvs/internal/client/client.go:34.2,34.48 1 0
github.com/thesimpledev/skvs/internal/client/client.go:37.26,39.2 1 0
github.com/thesimpledev/skvs/internal/client/client.go:41.107,43.9 2 0
github.com/thesimpledev/skvs/internal/client/client.go:43.9,45.3 1 0
github.com/thesimpledev/skvs/internal/client/client.go:47.2,59.16 10 0
github.com/thesimpledev/skvs/internal/client/client.go:59.16,61.3 1 0
github.com/thesimpledev/skvs/internal/client/client.go:63.2,64.16 2 0
github.com/thesimpledev/skvs/internal/client/client.go:64.16,66.3 1 0
github.com/thesimpledev/skvs/internal/client/client.go:67.2,67.51 1 0
github.com/thesimpledev/skvs/internal/client/client.go:67.51,69.3 1 0
github.com/thesimpledev/skvs/internal/client/client.go:71.2,72.35 2 0
github.com/thesimpledev/skvs/internal/client/client.go:72.35,73.18 1 0
github.com/thesimpledev/skvs/internal/client/client.go:73.18,75.11 2 0
github.com/thesimpledev/skvs/internal/client/client.go:76.29,76.29 0 0
github.com/thesimpledev/skvs/internal/client/client.go:77.22,78.26 1 0
github.com/thesimpledev/skvs/internal/client/client.go:82.3,86.17 4 0
github.com/thesimpledev/skvs/internal/client/client.go:86.17,88.12 2 0
github.com/thesimpledev/skvs/internal/client/client.go:91.3,94.17 3 0
github.com/thesimpledev/skvs/internal/client/client.go:94.17,96.12 2 0
github.com/thesimpledev/skvs/internal/client/client.go:99.3,100.17 2 0
github.com/thesimpledev/skvs/internal/client/client.go:100.17,102.12 2 0
github.com/thesimpledev/skvs/internal/client/client.go:105.3,105.24 1 0
github.com/thesimpledev/skvs/internal/client/client.go:108.2,108.80 1 0
github.com/thesimpledev/skvs/cmd/server/commands.go:3.73,7.9 4 0
github.com/thesimpledev/skvs/cmd/server/commands.go:7.9,9.3 1 0
github.com/thesimpledev/skvs/cmd/server/commands.go:11.2,11.57 1 0
github.com/thesimpledev/skvs/cmd/server/commands.go:11.57,12.11 1 0
github.com/thesimpledev/skvs/cmd/server/commands.go:12.11,14.4 1 0
github.com/thesimpledev/skvs/cmd/server/commands.go:16.3,16.20 1 0
github.com/thesimpledev/skvs/cmd/server/commands.go:17.8,19.3 1 0
github.com/thesimpledev/skvs/cmd/server/commands.go:21.2,21.25 1 0
github.com/thesimpledev/skvs/cmd/server/commands.go:24.38,28.2 3 0
github.com/thesimpledev/skvs/cmd/server/commands.go:30.38,36.2 5 0
github.com/thesimpledev/skvs/cmd/server/commands.go:38.41,41.36 3 0
github.com/thesimpledev/skvs/cmd/server/commands.go:41.36,43.3 1 0
github.com/thesimpledev/skvs/cmd/server/commands.go:45.2,45.25 1 0
github.com/thesimpledev/skvs/cmd/server/main.go:21.13,25.16 3 0
github.com/thesimpledev/skvs/cmd/server/main.go:25.16,28.3 2 0
github.com/thesimpledev/skvs/cmd/server/main.go:30.2,42.16 5 0
github.com/thesimpledev/skvs/cmd/server/main.go:42.16,45.3 2 0
github.com/thesimpledev/skvs/cmd/server/server.go:12.39,16.16 3 0
github.com/thesimpledev/skvs/cmd/server/server.go:16.16,18.3 1 0
github.com/thesimpledev/skvs/cmd/server/server.go:20.2,21.16 2 0
github.com/thesimpledev/skvs/cmd/server/server.go:21.16,23.3 1 0
github.com/thesimpledev/skvs/cmd/server/server.go:24.2,29.19 3 0
github.com/thesimpledev/skvs/cmd/server/server.go:29.19,32.4 2 0
github.com/thesimpledev/skvs/cmd/server/server.go:35.2,35.6 1 0
github.com/thesimpledev/skvs/cmd/server/server.go:35.6,39.17 4 0
github.com/thesimpledev/skvs/cmd/server/server.go:39.17,42.12 3 0
github.com/thesimpledev/skvs/cmd/server/server.go:45.3,48.13 4 0
github.com/thesimpledev/skvs/cmd/server/server.go:48.13,51.4 1 0
github.com/thesimpledev/skvs/cmd/server/server.go:55.97,57.16 2 0
github.com/thesimpledev/skvs/cmd/server/server.go:57.16,59.3 1 0
github.com/thesimpledev/skvs/cmd/server/server.go:60.2,61.16 2 0
github.com/thesimpledev/skvs/cmd/server/server.go:61.16,65.3 3 0
github.com/thesimpledev/skvs/cmd/server/server.go:67.2,68.16 2 0
github.com/thesimpledev/skvs/cmd/server/server.go:68.16,72.3 3 0
github.com/thesimpledev/skvs/cmd/server/server.go:74.2,75.16 2 0
github.com/thesimpledev/skvs/cmd/server/server.go:75.16,79.3 3 0
github.com/thesimpledev/skvs/cmd/server/server.go:81.2,81.56 1 0
github.com/thesimpledev/skvs/cmd/server/server.go:84.99,86.16 2 0
github.com/thesimpledev/skvs/cmd/server/server.go:86.16,89.3 2 0
github.com/thesimpledev/skvs/cmd/server/system.go:10.51,11.38 1 0
github.com/thesimpledev/skvs/cmd/server/system.go:11.38,13.3 1 0
github.com/thesimpledev/skvs/cmd/server/system.go:15.2,32.13 10 0
github.com/thesimpledev/skvs/cmd/server/system.go:33.24,34.41 1 0
github.com/thesimpledev/skvs/cmd/server/system.go:35.24,36.18 1 0
github.com/thesimpledev/skvs/cmd/server/system.go:37.27,38.18 1 0
github.com/thesimpledev/skvs/cmd/server/system.go:39.27,40.21 1 0
github.com/thesimpledev/skvs/cmd/server/system.go:41.10,42.53 1 0
github.com/thesimpledev/skvs/internal/encryption/encryption.go:17.42,18.16 1 1
github.com/thesimpledev/skvs/internal/encryption/encryption.go:18.16,20.3 1 0
github.com/thesimpledev/skvs/internal/encryption/encryption.go:22.2,22.20 1 1
github.com/thesimpledev/skvs/internal/encryption/encryption.go:22.20,24.3 1 1
github.com/thesimpledev/skvs/internal/encryption/encryption.go:26.2,26.34 1 1
github.com/thesimpledev/skvs/internal/encryption/encryption.go:29.61,31.16 2 1
github.com/thesimpledev/skvs/internal/encryption/encryption.go:31.16,33.3 1 0
github.com/thesimpledev/skvs/internal/encryption/encryption.go:35.2,36.16 2 1
github.com/thesimpledev/skvs/internal/encryption/encryption.go:36.16,38.3 1 0
github.com/thesimpledev/skvs/internal/encryption/encryption.go:40.2,41.59 2 1
github.com/thesimpledev/skvs/internal/encryption/encryption.go:41.59,43.3 1 0
github.com/thesimpledev/skvs/internal/encryption/encryption.go:45.2,45.50 1 1
github.com/thesimpledev/skvs/internal/encryption/encryption.go:48.61,50.16 2 1
github.com/thesimpledev/skvs/internal/encryption/encryption.go:50.16,52.3 1 0
github.com/thesimpledev/skvs/internal/encryption/encryption.go:54.2,55.16 2 1
github.com/thesimpledev/skvs/internal/encryption/encryption.go:55.16,57.3 1 0
github.com/thesimpledev/skvs/internal/encryption/encryption.go:59.2,59.36 1 1
github.com/thesimpledev/skvs/internal/encryption/encryption.go:59.36,61.3 1 1
github.com/thesimpledev/skvs/internal/encryption/encryption.go:63.2,65.16 3 1
github.com/thesimpledev/skvs/internal/encryption/encryption.go:65.16,67.3 1 1
github.com/thesimpledev/skvs/internal/encryption/encryption.go:69.2,69.23 1 1
